ARM Linker, 5.03 [Build 76] [MDK-ARM Lite]

==============================================================================

Section Cross References

    main.o(reset) refers to delay_arm.o(mycode) for RTN
    startup.o(RESET) refers to delay_arm.o(mycode) for RTN
    startup.o(RESET) refers to main.o(reset) for user_code


==============================================================================

Image Symbol Table

    Local Symbols

    Symbol Name                              Value     Ov Type        Size  Object(Section)

    RESET                                    0x00000000   Section      332  startup.o(RESET)
    delay_arm.s                              0x00000000   Number         0  delay_arm.o ABSOLUTE
    main.s                                   0x00000000   Number         0  main.o ABSOLUTE
    startup.s                                0x00000000   Number         0  startup.o ABSOLUTE
    PAbtHandler                              0x00000040   ARM Code       4  startup.o(RESET)
    DAbtHandler                              0x00000044   ARM Code       4  startup.o(RESET)
    UndefHandler                             0x00000048   ARM Code       4  startup.o(RESET)
    SWIHandler                               0x0000004c   ARM Code       0  startup.o(RESET)
    IRQHandler                               0x000000b0   ARM Code       0  startup.o(RESET)
    FIQHandler                               0x000000d4   ARM Code       0  startup.o(RESET)
    Reset_Handler                            0x000000f8   ARM Code       0  startup.o(RESET)
    mycode                                   0x0000014c   Section       16  delay_arm.o(mycode)
    reset                                    0x0000015c   Section      256  main.o(reset)

    Global Symbols

    Symbol Name                              Value     Ov Type        Size  Object(Section)

    BuildAttributes$$THM_ISAv1$ARM_ISAv4$S$PE$A:L22$X:L11$S22$IEEE1$IW$USESV6$~STKCKD$USESV7$~SHL$OSPACE$EBA8$STANDARDLIB$EABIv2 0x00000000   Number         0  anon$$obj.o ABSOLUTE
    RTN                                      0x0000014c   ARM Code       4  delay_arm.o(mycode)
    user_code                                0x0000015c   ARM Code       0  main.o(reset)



==============================================================================

Memory Map of the image

  Image Entry point : 0x00000000

  Load Region LR_1 (Base: 0x00000000, Size: 0x0000025c, Max: 0xffffffff, ABSOLUTE)

    Execution Region ER_RO (Base: 0x00000000, Size: 0x0000025c, Max: 0xffffffff, ABSOLUTE)

    Base Addr    Size         Type   Attr      Idx    E Section Name        Object

    0x00000000   0x0000014c   Code   RO            9  * RESET               startup.o
    0x0000014c   0x00000010   Code   RO            1  * mycode              delay_arm.o
    0x0000015c   0x00000100   Code   RO            6  * reset               main.o


    Execution Region ER_RW (Base: 0x40000000, Size: 0x00000000, Max: 0xffffffff, ABSOLUTE)

    **** No section assigned to this execution region ****


    Execution Region ER_ZI (Base: 0x40000000, Size: 0x00000000, Max: 0xffffffff, ABSOLUTE)

    **** No section assigned to this execution region ****


==============================================================================

Image component sizes


      Code (inc. data)   RO Data    RW Data    ZI Data      Debug   Object Name

        16          0          0          0          0        212   delay_arm.o
       256         40          0          0          0        232   main.o
       332         60          0          0          0        260   startup.o

    ----------------------------------------------------------------------
       604        100          0          0          0        704   Object Totals
         0          0          0          0          0          0   (incl. Generated)
         0          0          0          0          0          0   (incl. Padding)

    ----------------------------------------------------------------------
         0          0          0          0          0          0   Library Totals
         0          0          0          0          0          0   (incl. Padding)

    ----------------------------------------------------------------------

==============================================================================


      Code (inc. data)   RO Data    RW Data    ZI Data      Debug   

       604        100          0          0          0        704   Grand Totals
       604        100          0          0          0        704   ELF Image Totals
       604        100          0          0          0          0   ROM Totals

==============================================================================

    Total RO  Size (Code + RO Data)                  604 (   0.59kB)
    Total RW  Size (RW Data + ZI Data)                 0 (   0.00kB)
    Total ROM Size (Code + RO Data + RW Data)        604 (   0.59kB)

==============================================================================

