ARM Linker, 5.03 [Build 76] [MDK-ARM Lite]

==============================================================================

Section Cross References

    lab8_t1.o(reset) refers to delay_arm.o(mycode) for RTN
    lab8_t1.o(reset) refers to delay.o(.text) for cDelay
    mystartup.o(RESET) refers to lab8_t1.o(reset) for user_code


==============================================================================

Image Symbol Table

    Local Symbols

    Symbol Name                              Value     Ov Type        Size  Object(Section)

    .text                                    0x00000000   Section        0  delay.o(.text)
    delay.c                                  0x00000000   Number         0  delay.o ABSOLUTE
    delay_arm.s                              0x00000000   Number         0  delay_arm.o ABSOLUTE
    lab8_t1.s                                0x00000000   Number         0  lab8_t1.o ABSOLUTE
    mystartup.s                              0x00000000   Number         0  mystartup.o ABSOLUTE
    RESET                                    0x00000018   Section      116  mystartup.o(RESET)
    SWIHandler                               0x00000058   ARM Code       4  mystartup.o(RESET)
    PAbtHandler                              0x0000005c   ARM Code       4  mystartup.o(RESET)
    DAbtHandler                              0x00000060   ARM Code       4  mystartup.o(RESET)
    IRQHandler                               0x00000064   ARM Code       4  mystartup.o(RESET)
    FIQHandler                               0x00000068   ARM Code       4  mystartup.o(RESET)
    UndefHandler                             0x0000006c   ARM Code       4  mystartup.o(RESET)
    Reset_Handler                            0x00000070   ARM Code       0  mystartup.o(RESET)
    mycode                                   0x0000008c   Section       16  delay_arm.o(mycode)
    reset                                    0x0000009c   Section      324  lab8_t1.o(reset)

    Global Symbols

    Symbol Name                              Value     Ov Type        Size  Object(Section)

    BuildAttributes$$THM_ISAv1$ARM_ISAv4$S$PE$A:L22$X:L11$S22$IEEE1$IW$USESV6$~STKCKD$USESV7$~SHL$OSPACE$EBA8$STANDARDLIB$REQ8$EABIv2 0x00000000   Number         0  anon$$obj.o ABSOLUTE
    cDelay                                   0x00000000   ARM Code      24  delay.o(.text)
    RTN                                      0x0000008c   ARM Code       4  delay_arm.o(mycode)
    user_code                                0x0000009c   ARM Code       0  lab8_t1.o(reset)



==============================================================================

Memory Map of the image

  Image Entry point : 0x00000000

  Load Region LR_1 (Base: 0x00000000, Size: 0x000001e0, Max: 0xffffffff, ABSOLUTE)

    Execution Region ER_RO (Base: 0x00000000, Size: 0x000001e0, Max: 0xffffffff, ABSOLUTE)

    Base Addr    Size         Type   Attr      Idx    E Section Name        Object

    0x00000000   0x00000018   Code   RO           12  * .text               delay.o
    0x00000018   0x00000074   Code   RO            9  * RESET               mystartup.o
    0x0000008c   0x00000010   Code   RO            1  * mycode              delay_arm.o
    0x0000009c   0x00000144   Code   RO            6  * reset               lab8_t1.o


    Execution Region ER_RW (Base: 0x40000000, Size: 0x00000000, Max: 0xffffffff, ABSOLUTE)

    **** No section assigned to this execution region ****


    Execution Region ER_ZI (Base: 0x40000000, Size: 0x00000000, Max: 0xffffffff, ABSOLUTE)

    **** No section assigned to this execution region ****


==============================================================================

Image component sizes


      Code (inc. data)   RO Data    RW Data    ZI Data      Debug   Object Name

        24          0          0          0          0       1833   delay.o
        16          0          0          0          0        216   delay_arm.o
       324         20          0          0          0        264   lab8_t1.o
       116         40          0          0          0        212   mystartup.o

    ----------------------------------------------------------------------
       480         60          0          0          0       2525   Object Totals
         0          0          0          0          0          0   (incl. Generated)
         0          0          0          0          0          0   (incl. Padding)

    ----------------------------------------------------------------------
         0          0          0          0          0          0   Library Totals
         0          0          0          0          0          0   (incl. Padding)

    ----------------------------------------------------------------------

==============================================================================


      Code (inc. data)   RO Data    RW Data    ZI Data      Debug   

       480         60          0          0          0       2525   Grand Totals
       480         60          0          0          0       2525   ELF Image Totals
       480         60          0          0          0          0   ROM Totals

==============================================================================

    Total RO  Size (Code + RO Data)                  480 (   0.47kB)
    Total RW  Size (RW Data + ZI Data)                 0 (   0.00kB)
    Total ROM Size (Code + RO Data + RW Data)        480 (   0.47kB)

==============================================================================

